INFO  2026-08-20 16:03:19,283 serena.cli:health_check:949 - Starting health check for project: /Users/thanhtrang/Documents/epcvina.com/epcvinasolar
INFO  2026-08-20 16:03:19,283 serena.util.file_system:_load_gitignore_files:165 - Processing .gitignore file: /Users/thanhtrang/Documents/epcvina.com/epcvinasolar/.serena/.gitignore
INFO  2026-08-20 16:03:19,283 serena.cli:health_check:953 - Creating SerenaAgent with disabled dashboard...
INFO  2026-08-20 16:03:19,301 serena.config.serena_config:from_config_file:1041 - Loading Serena configuration from /Users/thanhtrang/.serena/serena_config.yml
INFO  2026-08-20 16:03:19,320 serena.agent:__init__:631 - Will record tool usage statistics with token count estimator: CHAR_COUNT.
INFO  2026-08-20 16:03:19,338 serena.agent:__init__:635 - Starting Serena server (version=1.7.1.dev0, process id=66214, parent process id=66205; language backend=LSP); Python version=3.11.13, platform=macOS-27.0-arm64-arm-64bit
INFO  2026-08-20 16:03:19,338 serena.agent:__init__:639 - Configuration file: /Users/thanhtrang/.serena/serena_config.yml
INFO  2026-08-20 16:03:19,338 serena.agent:__init__:640 - Available projects: epcvinasolar
INFO  2026-08-20 16:03:19,339 serena.agent:__init__:641 - Loaded tools (52): create_text_file, replace_content, replace_in_files, delete_lines, replace_lines, insert_at_line, replace_symbol_body, insert_after_symbol, insert_before_symbol, read_file, list_dir, find_file, search_for_pattern, restart_language_server, get_symbols_overview, find_symbol, find_referencing_symbols, find_implementations, find_declaration, get_diagnostics_for_file, get_diagnostics_for_symbol, rename_symbol, safe_delete_symbol, write_memory, read_memory, list_memories, delete_memory, rename_memory, edit_memory, execute_shell_command, open_dashboard, activate_project, remove_project, get_current_config, onboarding, initial_instructions, serena_info, jet_brains_find_symbol, jet_brains_move, jet_brains_safe_delete, jet_brains_inline_symbol, jet_brains_find_referencing_symbols, jet_brains_get_symbols_overview, jet_brains_type_hierarchy, jet_brains_find_declaration, jet_brains_find_implementations, jet_brains_rename, jet_brains_debug, jet_brains_run_inspections, jet_brains_list_inspections, list_queryable_projects, query_project
INFO  2026-08-20 16:03:19,339 serena.config.serena_config:determine_language_backend:1454 - Using language backend from global configuration: LSP
INFO  2026-08-20 16:03:19,354 serena.config.serena_config:start:329 - Loading project instance for RegisteredProject[project_root=/Users/thanhtrang/Documents/epcvina.com/epcvinasolar, project_config=ProjectConfig[project_name=epcvinasolar]] starting ...
INFO  2026-08-20 16:03:19,354 serena.project:__init__:46 - Serena project data folder: /Users/thanhtrang/Documents/epcvina.com/epcvinasolar/.serena
INFO  2026-08-20 16:03:19,355 serena.project:start:329 - Gathering ignore spec for project epcvinasolar starting ...
INFO  2026-08-20 16:03:19,355 serena.config.serena_config:stop:336 - Loading project instance for RegisteredProject[project_root=/Users/thanhtrang/Documents/epcvina.com/epcvinasolar, project_config=ProjectConfig[project_name=epcvinasolar]] completed in 0.000 seconds
INFO  2026-08-20 16:03:19,355 serena.util.file_system:start:329 - Loading of .gitignore files starting ...
INFO  2026-08-20 16:03:19,355 serena.agent:activate_project_from_path_or_name:1351 - Found registered project 'epcvinasolar' at path /Users/thanhtrang/Documents/epcvina.com/epcvinasolar
INFO  2026-08-20 16:03:19,355 serena.agent:_activate_project:1219 - Activating epcvinasolar at /Users/thanhtrang/Documents/epcvina.com/epcvinasolar
INFO  2026-08-20 16:03:19,355 serena.task_executor:issue_task:217 - Scheduling Task-1:init_project_services
INFO  2026-08-20 16:03:19,356 serena.agent:_update_active_modes:1127 - Active modes (2): editing, interactive
INFO  2026-08-20 16:03:19,356 serena.util.file_system:_load_gitignore_files:165 - Processing .gitignore file: /Users/thanhtrang/Documents/epcvina.com/epcvinasolar/.serena/.gitignore
INFO  2026-08-20 16:03:19,359 serena.agent:_create_base_toolset:813 - Number of exposed tools: 29
INFO  2026-08-20 16:03:19,389 serena.agent:__init__:681 - Number of exposed tools: 29. Exposed tools: ['activate_project', 'create_text_file', 'delete_memory', 'edit_memory', 'execute_shell_command', 'find_declaration', 'find_file', 'find_implementations', 'find_referencing_symbols', 'find_symbol', 'get_current_config', 'get_diagnostics_for_file', 'get_symbols_overview', 'initial_instructions', 'insert_after_symbol', 'insert_before_symbol', 'list_dir', 'list_memories', 'onboarding', 'read_file', 'read_memory', 'rename_memory', 'rename_symbol', 'replace_content', 'replace_in_files', 'replace_symbol_body', 'safe_delete_symbol', 'search_for_pattern', 'write_memory']
INFO  2026-08-20 16:03:19,389 serena.agent:_update_active_tools:1145 - Active tools (29): activate_project, create_text_file, delete_memory, edit_memory, execute_shell_command, find_declaration, find_file, find_implementations, find_referencing_symbols, find_symbol, get_current_config, get_diagnostics_for_file, get_symbols_overview, initial_instructions, insert_after_symbol, insert_before_symbol, list_dir, list_memories, onboarding, read_file, read_memory, rename_memory, rename_symbol, replace_content, replace_in_files, replace_symbol_body, safe_delete_symbol, search_for_pattern, write_memory
INFO  2026-08-20 16:03:19,444 serena.task_executor:_process_task_queue:139 - Starting execution of Task-1:init_project_services
INFO  2026-08-20 16:03:19,444 serena.task_executor:start:329 - Task-1:init_project_services starting ...
INFO  2026-08-20 16:03:19,444 serena.agent:start:329 - Language server initialization starting ...
INFO  2026-08-20 16:03:19,445 serena.project:create_language_server_manager:517 - Creating language server manager for /Users/thanhtrang/Documents/epcvina.com/epcvinasolar
INFO  2026-08-20 16:03:19,445 serena.project:_ignored_patterns:203 - Waiting for ignored patterns to become available ...
INFO  2026-08-20 16:03:19,681 serena.util.file_system:stop:336 - Loading of .gitignore files completed in 0.399 seconds
INFO  2026-08-20 16:03:19,681 serena.project:stop:336 - Gathering ignore spec for project epcvinasolar completed in 0.399 seconds
INFO  2026-08-20 16:03:19,695 serena.util.file_system:stop:336 - Loading of .gitignore files completed in 0.340 seconds
INFO  2026-08-20 16:03:19,695 serena.project:stop:336 - Gathering ignore spec for project epcvinasolar completed in 0.340 seconds
INFO  2026-08-20 16:03:19,695 serena.project:_ignored_patterns:206 - Ignored patterns are now available for project; proceeding
INFO  2026-08-20 16:03:19,695 sensai.util.logging:start:329 - Language server startup (language=typescript) starting ...
INFO  2026-08-20 16:03:19,695 serena.ls_manager:create_language_server:58 - Creating language server instance for /Users/thanhtrang/Documents/epcvina.com/epcvinasolar, language=typescript.
INFO  2026-08-20 16:03:19,740 solidlsp.language_servers.typescript_language_server:_get_or_install_core_dependency:326 - Typescript Language Server executable not found at /Users/thanhtrang/.serena/language_servers/static/TypeScriptLanguageServer/ts-lsp/node_modules/.bin/typescript-language-server. Installing...
INFO  2026-08-20 16:03:19,740 solidlsp.language_servers.typescript_language_server:start:329 - Installation of TypeScript language server dependencies starting ...
INFO  2026-08-20 16:03:19,749 solidlsp.language_servers.common:_run_command:111 - Running command 'npm install --prefix ./ typescript@5.9.3' in '/Users/thanhtrang/.serena/language_servers/static/TypeScriptLanguageServer/ts-lsp'
INFO  2026-08-20 16:03:20,396 serena.cli:health_check:956 - SerenaAgent created successfully
INFO  2026-08-20 16:03:20,396 serena.cli:health_check:959 - Searching for analyzable files...
INFO  2026-08-20 16:03:21,316 solidlsp.language_servers.common:_run_command:128 - Command completed successfully
INFO  2026-08-20 16:03:21,323 solidlsp.language_servers.common:_run_command:111 - Running command 'npm install --prefix ./ typescript-language-server@5.1.3' in '/Users/thanhtrang/.serena/language_servers/static/TypeScriptLanguageServer/ts-lsp'
INFO  2026-08-20 16:03:21,468 serena.cli:health_check:968 - Found analyzable file: astro.config.mjs
INFO  2026-08-20 16:03:21,468 serena.cli:health_check:982 - Testing GetSymbolsOverviewTool on file: astro.config.mjs
INFO  2026-08-20 16:03:21,468 serena.task_executor:issue_task:217 - Scheduling Task-2:<lambda>
INFO  2026-08-20 16:03:22,113 solidlsp.language_servers.common:_run_command:128 - Command completed successfully
INFO  2026-08-20 16:03:22,113 solidlsp.language_servers.typescript_language_server:stop:336 - Installation of TypeScript language server dependencies completed in 2.372 seconds
INFO  2026-08-20 16:03:22,113 solidlsp.language_servers.typescript_language_server:_get_or_install_core_dependency:329 - TypeScript language server dependencies installed successfully
INFO  2026-08-20 16:03:22,114 solidlsp.ls:start:3180 - Starting language server typescript for /Users/thanhtrang/Documents/epcvina.com/epcvinasolar
INFO  2026-08-20 16:03:22,114 solidlsp.language_servers.typescript_language_server:_start_server:494 - Starting TypeScript server process
INFO  2026-08-20 16:03:22,114 solidlsp.ls_process:_start:519 - Starting language server process via command: ['/Users/thanhtrang/.serena/language_servers/static/TypeScriptLanguageServer/ts-lsp/node_modules/.bin/typescript-language-server', '--stdio']
INFO  2026-08-20 16:03:22,120 solidlsp.initialize_params:_apply_updates:61 - Workspace folders: ['/Users/thanhtrang/Documents/epcvina.com/epcvinasolar']
INFO  2026-08-20 16:03:22,121 solidlsp.language_servers.typescript_language_server:_start_server:498 - Sending initialize request from LSP client to LSP server and awaiting response
INFO  2026-08-20 16:03:22,252 solidlsp.language_servers.typescript_language_server:window_log_message:427 - LSP: window/logMessage: {'type': 3, 'message': 'Using Typescript version (workspace) 6.0.3 from path "/Users/thanhtrang/Documents/epcvina.com/epcvinasolar/node_modules/typescript/lib/tsserver.js"'}
INFO  2026-08-20 16:03:22,253 solidlsp.language_servers.typescript_language_server:handle_typescript_version:439 - TypeScript server version notification received: {'version': '6.0.3', 'source': 'workspace'}
INFO  2026-08-20 16:03:22,253 solidlsp.language_servers.typescript_language_server:_start_server:514 - TypeScript server is ready
INFO  2026-08-20 16:03:22,253 solidlsp.language_servers.typescript_language_server:_start_server:523 - Waiting for TypeScript project indexing to complete (if async)...
INFO  2026-08-20 16:03:22,253 solidlsp.language_servers.typescript_language_server:_start_server:525 - TypeScript project indexing complete
INFO  2026-08-20 16:03:22,253 sensai.util.logging:stop:336 - Language server startup (language=typescript) completed in 2.558 seconds
INFO  2026-08-20 16:03:22,254 sensai.util.logging:start:329 - Initialising file change notifier (polling for baseline) starting ...
INFO  2026-08-20 16:03:23,399 sensai.util.logging:stop:336 - Initialising file change notifier (polling for baseline) completed in 1.146 seconds
INFO  2026-08-20 16:03:23,399 serena.agent:stop:336 - Language server initialization completed in 3.955 seconds
INFO  2026-08-20 16:03:23,400 serena.task_executor:stop:336 - Task-1:init_project_services completed in 3.955 seconds
INFO  2026-08-20 16:03:23,400 serena.task_executor:_process_task_queue:139 - Starting execution of Task-2:<lambda>
INFO  2026-08-20 16:03:23,400 serena.task_executor:start:329 - Task-2:<lambda> starting ...
INFO  2026-08-20 16:03:23,508 solidlsp.language_servers.typescript_language_server:progress_handler:468 - TypeScript LSP progress [fde160ad-61ef-42db-afc1-676e36b7e213]: started - Initializing JS/TS language features…
INFO  2026-08-20 16:03:23,736 serena.task_executor:stop:336 - Task-2:<lambda> completed in 0.336 seconds
INFO  2026-08-20 16:03:23,736 serena.cli:health_check:984 - GetSymbolsOverviewTool returned: [{'name': 'default', 'kind': 'Constant'}]
INFO  2026-08-20 16:03:23,736 serena.cli:health_check:1000 - No class or function found, using first available symbol
INFO  2026-08-20 16:03:23,737 serena.cli:health_check:1004 - Using symbol for testing: default (kind: Constant)
INFO  2026-08-20 16:03:23,737 serena.cli:health_check:1007 - Testing FindSymbolTool for symbol: default
INFO  2026-08-20 16:03:23,737 serena.task_executor:issue_task:217 - Scheduling Task-3:<lambda>
INFO  2026-08-20 16:03:23,836 serena.task_executor:_process_task_queue:139 - Starting execution of Task-3:<lambda>
INFO  2026-08-20 16:03:23,836 serena.task_executor:start:329 - Task-3:<lambda> starting ...
INFO  2026-08-20 16:03:23,837 serena.task_executor:stop:336 - Task-3:<lambda> completed in 0.001 seconds
INFO  2026-08-20 16:03:23,837 serena.cli:health_check:1013 - FindSymbolTool found 1 matches for symbol default
INFO  2026-08-20 16:03:23,837 serena.cli:health_check:1016 - Testing FindReferencingSymbolsTool for symbol: default
INFO  2026-08-20 16:03:23,837 serena.task_executor:issue_task:217 - Scheduling Task-4:<lambda>
INFO  2026-08-20 16:03:23,938 serena.task_executor:_process_task_queue:139 - Starting execution of Task-4:<lambda>
INFO  2026-08-20 16:03:23,939 serena.task_executor:start:329 - Task-4:<lambda> starting ...
INFO  2026-08-20 16:03:23,939 serena.ls_manager:sync_file_system_changes:274 - Polling file system for changes to source files ...
INFO  2026-08-20 16:03:25,276 serena.ls_manager:sync_file_system_changes:276 - File system polling complete; 0 change events sent to language servers.
INFO  2026-08-20 16:03:29,153 solidlsp.language_servers.typescript_language_server:progress_handler:479 - TypeScript LSP progress [fde160ad-61ef-42db-afc1-676e36b7e213]: ended - 
INFO  2026-08-20 16:03:29,153 solidlsp.language_servers.typescript_language_server:_wait_for_cross_file_references_if_needed:600 - TypeScript cross-file indexing complete
INFO  2026-08-20 16:03:29,279 serena.task_executor:stop:336 - Task-4:<lambda> completed in 5.340 seconds
INFO  2026-08-20 16:03:29,280 serena.cli:health_check:1021 - FindReferencingSymbolsTool found 0 references for symbol default
INFO  2026-08-20 16:03:29,280 serena.cli:health_check:1029 - Health check completed successfully
